/*C3*/SET SCHEMA PUBLIC
CREATE TABLE C_DRIVER_SCHEDULE(\u000d\u000a   Audit_ID VARCHAR(30) PRIMARY KEY\u000d\u000a  ,App_Name VARCHAR(30)\u000d\u000a  ,Run_Name VARCHAR(30)\u000d\u000a  ,Run_Number VARCHAR(30)\u000d\u000a  ,Re_Run_Number VARCHAR(30)\u000d\u000a  ,Scheduled_Start_Date_Time DATETIME \u000d\u000a  ,Status_Code VARCHAR(30)\u000d\u000a  ,Valuation_Start_Date_Time DATETIME \u000d\u000a  ,Valuation_End_Date_Time DATETIME \u000d\u000a  ,Run_Start_Date_Time DATETIME \u000d\u000a  ,Run_End_Date_Time DATETIME \u000d\u000a  ,Create_Date_Time DATETIME \u000d\u000a  ,Last_Modified_Date_Time DATETIME \u000d\u000a  ,APP_Run_ID VARCHAR(30)\u000d\u000a  ,SLA_DATE DATE \u000d\u000a  ,SLA_TIME DATETIME \u000d\u000a)
DISCONNECT
